../Core/Src/main.c:78:5:main	8	static
../Core/Src/main.c:141:6:SystemClock_Config	88	static
../Core/Src/main.c:188:13:MX_TIM2_Init	48	static
../Core/Src/main.c:246:13:MX_TIM3_Init	64	static
../Core/Src/main.c:305:13:MX_USART2_UART_Init	8	static
../Core/Src/main.c:336:13:MX_DMA_Init	16	static
../Core/Src/main.c:354:13:MX_GPIO_Init	48	static
../Core/Src/main.c:393:7:RPS_Calc	32	static
../Core/Src/main.c:408:6:MotorSpeedChange	4	static
../Core/Src/main.c:467:6:Error_Handler	4	static,ignoring_inline_asm
